// Jest Snapshot v1, https://goo.gl/fbAQLP

exports[`PopUp Atom Styled Component Testing should render correctly 1`] = `
ShallowWrapper {
  "length": 1,
  Symbol(enzyme.__root__): [Circular],
  Symbol(enzyme.__unrendered__): <injectStyles
    handlePopUp={
      [MockFunction] {
        "calls": Array [
          Array [
            false,
          ],
          Array [
            false,
          ],
        ],
        "results": Array [
          Object {
            "isThrow": false,
            "value": undefined,
          },
          Object {
            "isThrow": false,
            "value": undefined,
          },
        ],
      }
    }
    rightCTA={
      [MockFunction] {
        "calls": Array [
          Array [],
        ],
        "results": Array [
          Object {
            "isThrow": false,
            "value": undefined,
          },
        ],
      }
    }
    theme={
      Object {
        "BACKGROUND_SIZE": "100% 100%",
        "BASE_FONT_SIZE": "13px",
        "BLACK": "rgba(0, 0, 0, 1)",
        "BLACK_12": "rgba(30, 0, 0, 1)",
        "BLACK_2": "rgba(79, 79, 79, 1)",
        "BLACK_GREY": "rgba(0, 0, 0, 0.86)",
        "BLUE": "rgba(71, 160, 255, 1)",
        "BLUE_1": "rgba(204, 219, 235, 1)",
        "BLUE_10": "rgba(0,102,167,0.87)",
        "BLUE_11": "rgba(0, 77, 127, 1)",
        "BLUE_12": "rgba(0, 77, 127, 1)",
        "BLUE_13": "rgba(205, 230, 246, 1)",
        "BLUE_2": "rgba(177, 203, 220, 1)",
        "BLUE_3": "rgba(115, 144, 170, 1)",
        "BLUE_4": "rgba(83, 120, 152, 1)",
        "BLUE_5": "rgba(169, 167, 167, 1)",
        "BLUE_6": "rgba(137, 167, 193, 1)",
        "BLUE_7": "rgba(153, 169, 185, 1)",
        "BLUE_8": "rgba(230, 247, 253, 1)",
        "BLUE_9": "rgba(247, 246, 246, 1)",
        "BORDER_COLOR_GREY": "rgba(137, 140, 140,1)",
        "BOX_SHADOW": "rgba(8, 56, 107, 1)",
        "BRIGHT_ORANGE": "rgba(228, 119, 43, 1)",
        "BTN_BORDER_RADIUS": "3px",
        "CAROUSEL_TITLE": "#708aa5",
        "CHRISTI": "rgba(101,171,11,1)",
        "CONTAINER_SUBTITLE_FONT_SIZE": "12px",
        "CONTAINER_SUBTITLE_FONT_WEIGHT": "500",
        "CORN_FLOWER_BLUE": "rgba(0, 102, 167, 0.87)",
        "DARK_BLACK": "rgba(26, 26, 26, 1)",
        "DARK_BLUE": "rgba(59, 89, 152, 1)",
        "DARK_BLUE_1": "rgba(0, 102, 167, 0.87)",
        "DARK_BLUE_2": "rgba(116, 201, 255, 0.87)",
        "DARK_BLUE_3": "rgba(0, 102, 167, 1)",
        "DARK_BLUE_4": "rgba(9, 92, 145, 1)",
        "DARK_BLUE_5": "rgba(135, 208, 255, 1)",
        "DARK_BLUE_6": "rgba(85, 161, 210, 1)",
        "DARK_GRAY": "rgba(60, 81, 95, 0.87)",
        "DARK_GREEN": "rgba(84, 234, 249, 1)",
        "DARK_GREEN_1": "rgba(7, 53, 56, 1)",
        "DARK_GREEN_2": "rgba(50, 104, 133, 1)",
        "DARK_GREY": "rgba(122, 122, 122, 0.87)",
        "DARK_GREY_1": "rgba(216, 216, 216, 1)",
        "DARK_PINK": "rgba(255, 0, 46, 1)",
        "DARK_RED": "rgba(171, 11, 11, 1)",
        "DULL_WHITE": "rgba(255, 255, 255, 0.87)",
        "DULL_YELLOW_GREEN": "rgba(100, 155, 28, 1)",
        "EDV_COLOR_1": "rgba(0, 133, 245)",
        "EDV_COLOR_2": "rgba(255, 156, 0)",
        "EDV_COLOR_3": "rgba(255, 60, 60)",
        "EDV_COLOR_4": "rgba(141, 32, 165)",
        "EVENING_SEA": "rgba(33,96,71)",
        "FONT_FAMILY_EXTRA_BOLD": "proximaExtraBold",
        "FONT_FAMILY_ROBOTO": "Roboto",
        "GAINSBORO": "rgba(216, 216, 216, 0.26)",
        "GLOBAL_BACKGROUND_COLOR": "rgba(242, 242, 242, 1)",
        "GRAY": "rgba(250, 250, 250, 1)",
        "GRAY83": "rgba(212, 212, 212, 1)",
        "GRAY_31": "rgba(79,79,79)",
        "GREEN_1": "rgba(224, 242, 235, 1)",
        "GREEN_2": "rgba(71, 180, 137, 1)",
        "GREEN_3": "rgba(130, 187, 55, 1)",
        "GREEN_4": "rgba(54, 163, 39, 1)",
        "GREEN_5": "rgba(100, 237, 61, 1)",
        "GREEN_6": "rgba(97, 233, 58, 1)",
        "GREEN_7": "rgba(34, 179, 31, 1)",
        "GREEN_8": "rgba(53, 207, 143, 1)",
        "GREY_1": "rgba(183, 183,183, 1)",
        "GREY_10": "rgba(137, 137, 137, 1)",
        "GREY_2": "rgba(232,232,232, 1)",
        "GREY_3": "rgba(241,241,241, 1)",
        "GREY_4": "rgba(85,85,85,1)",
        "GREY_5": "rgba(0, 0, 0, 0.69)",
        "GREY_6": "rgba(179, 186, 192, 1)",
        "GREY_7": "rgba(53,53,53,0.87)",
        "GREY_BLACK": "rgba(35, 35, 35, 1)",
        "GREY_BORDER": "rgba(186, 186,186, 1)",
        "GREY_COLOR": "rgba(53, 53, 53, 0.87)",
        "GREY_COLOR_1": "rgba(64, 64, 64, 1)",
        "ICON_BASE": "https://api-dev1.dominosindia.in/dev1-olo-api-bucket/static/assets.icons",
        "IMAGE_BASE": "https://api-dev1.dominosindia.in/dev1-olo-api-bucket/static/assets",
        "JAPONICA": "rgba(187,122,93)",
        "LABEL_SIZE": "11px",
        "LEMON_GREEN": "rgba(0, 203, 188, 1)",
        "LIGHT_BLACK": "rgba(20, 22, 25, 1)",
        "LIGHT_BLACK_1": "rgba(37, 37, 37, 1)",
        "LIGHT_BLACK_2": "rgba(118, 118, 118, 1)",
        "LIGHT_BLACK_3": "rgba(64, 81, 96, 1)",
        "LIGHT_BLACK_4": "rgba(190, 248, 252, 1)",
        "LIGHT_BLUE": "rgba(50, 94, 137, 1)",
        "LIGHT_BLUE_1": "rgba(211, 231, 253, 1)",
        "LIGHT_BLUE_10": "rgba(170, 212, 241, 1)",
        "LIGHT_BLUE_11": "rgba(189, 230, 243, 1)",
        "LIGHT_BLUE_12": "rgba(199, 235, 255, 1)",
        "LIGHT_BLUE_2": "rgba(222, 249, 255, 1)",
        "LIGHT_BLUE_3": "rgba(223, 229, 236, 1)",
        "LIGHT_BLUE_4": "rgba(107, 150, 192, 1)",
        "LIGHT_BLUE_5": "rgba(177, 227, 236, 1)",
        "LIGHT_BLUE_6": "rgba(240, 249, 250, 1)",
        "LIGHT_BLUE_7": "rgba(147, 218, 231, 1)",
        "LIGHT_BLUE_8": "rgba(247,251,255, 1)",
        "LIGHT_BLUE_9": "rgba(247,251,255, 1)",
        "LIGHT_GREY": "rgba(19, 79, 144, 1)",
        "LIGHT_GREY_1": "rgba(210, 221, 233, 1)",
        "LIGHT_GREY_10": "rgba(236, 241, 255, 1)",
        "LIGHT_GREY_11": "rgba(239, 239, 239, 1)",
        "LIGHT_GREY_12": "rgba(107, 107, 107, 1)",
        "LIGHT_GREY_2": "rgba(166, 166, 166, 1)",
        "LIGHT_GREY_3": "rgba(128,128,128, 1)",
        "LIGHT_GREY_4": "rgba(77, 77, 77, 1)",
        "LIGHT_GREY_5": "rgba(224, 224, 224, 1)",
        "LIGHT_GREY_6": "rgba(63, 62, 62, 1)",
        "LIGHT_GREY_7": "rgba(111,111,111, 1)",
        "LIGHT_GREY_8": "rgba(234, 234, 234, 1)",
        "LIGHT_GREY_9": "rgba(245, 245, 245)",
        "LIGHT_LEMON_GREEN": "rgba(14, 144, 178, 1)",
        "LIGHT_WHITE": "rgba(231, 230, 230, 1)",
        "LIGHT_WHITE_1": "rgba(235,232,232,1)",
        "LIGHT_WHITE_2": "rgba(237, 237, 237, 1)",
        "LIME_COLOR": "rgba(101, 171, 11, 1)",
        "LOGIN_HEADING": "rgba(56, 64, 71, 1)",
        "MENU_ITEM_COLOR": "rgba(21, 21, 21, 0.87)",
        "NAVY_BLUE": "#1a5ca3",
        "NAVY_BLUE_1": "rgba(0, 102, 167, 1)",
        "NOBEL": "rgba(151, 151, 151, 1)",
        "OCEAN_BLUE": "rgba(0, 102, 160, 1)",
        "OTP_CONTENT_COLOR": "rgba(103, 103, 103, 0.87)",
        "OTP_TIMER_COLOR": "rgba(104, 104, 104, 0.87)",
        "RED": "rgba(220, 78, 65, 1)",
        "RED_1": "rgba(237, 248, 255, 1)",
        "RED_2": "rgba(138, 34, 10, 1)",
        "RED_3": "rgba(208, 79, 79, 1)",
        "RED_4": "rgba(208, 17, 17, 1)",
        "RED_5": "rgba(239, 88, 88, 1)",
        "SHADOW_COLOR": "rgba(0, 0, 0, 0.12)",
        "SHADOW_COLOR2": "rgba(0, 0, 0, 0.24)",
        "SKY_BLUE_1": "rgba(84, 169, 249, 1)",
        "TEXT_COLOR": "rgba(53, 53, 53, 1)",
        "WALLET_TITLE_FONT_WEIGHT": 600,
        "WHISPER": "rgba(239,236,236)",
        "WHITE": "rgba(255, 255, 255, 1)",
        "WHITE_2": "rgba(253, 253, 253, 1)",
        "WISP_PINK": "rgba(249, 233, 226)",
        "WRAPPER_BORDER_RADIUS": "2px",
        "Z_INDEX_99": 99,
      }
    }
  />,
  Symbol(enzyme.__renderer__): Object {
    "batchedUpdates": [Function],
    "getNode": [Function],
    "render": [Function],
    "simulateEvent": [Function],
    "unmount": [Function],
  },
  Symbol(enzyme.__node__): Object {
    "instance": null,
    "key": undefined,
    "nodeType": "class",
    "props": Object {
      "className": "injectStyles-s11684c-0 eIYxOC",
      "handlePopUp": [MockFunction] {
        "calls": Array [
          Array [
            false,
          ],
          Array [
            false,
          ],
        ],
        "results": Array [
          Object {
            "isThrow": false,
            "value": undefined,
          },
          Object {
            "isThrow": false,
            "value": undefined,
          },
        ],
      },
      "rightCTA": [MockFunction] {
        "calls": Array [
          Array [],
        ],
        "results": Array [
          Object {
            "isThrow": false,
            "value": undefined,
          },
        ],
      },
      "theme": Object {
        "BACKGROUND_SIZE": "100% 100%",
        "BASE_FONT_SIZE": "13px",
        "BLACK": "rgba(0, 0, 0, 1)",
        "BLACK_12": "rgba(30, 0, 0, 1)",
        "BLACK_2": "rgba(79, 79, 79, 1)",
        "BLACK_GREY": "rgba(0, 0, 0, 0.86)",
        "BLUE": "rgba(71, 160, 255, 1)",
        "BLUE_1": "rgba(204, 219, 235, 1)",
        "BLUE_10": "rgba(0,102,167,0.87)",
        "BLUE_11": "rgba(0, 77, 127, 1)",
        "BLUE_12": "rgba(0, 77, 127, 1)",
        "BLUE_13": "rgba(205, 230, 246, 1)",
        "BLUE_2": "rgba(177, 203, 220, 1)",
        "BLUE_3": "rgba(115, 144, 170, 1)",
        "BLUE_4": "rgba(83, 120, 152, 1)",
        "BLUE_5": "rgba(169, 167, 167, 1)",
        "BLUE_6": "rgba(137, 167, 193, 1)",
        "BLUE_7": "rgba(153, 169, 185, 1)",
        "BLUE_8": "rgba(230, 247, 253, 1)",
        "BLUE_9": "rgba(247, 246, 246, 1)",
        "BORDER_COLOR_GREY": "rgba(137, 140, 140,1)",
        "BOX_SHADOW": "rgba(8, 56, 107, 1)",
        "BRIGHT_ORANGE": "rgba(228, 119, 43, 1)",
        "BTN_BORDER_RADIUS": "3px",
        "CAROUSEL_TITLE": "#708aa5",
        "CHRISTI": "rgba(101,171,11,1)",
        "CONTAINER_SUBTITLE_FONT_SIZE": "12px",
        "CONTAINER_SUBTITLE_FONT_WEIGHT": "500",
        "CORN_FLOWER_BLUE": "rgba(0, 102, 167, 0.87)",
        "DARK_BLACK": "rgba(26, 26, 26, 1)",
        "DARK_BLUE": "rgba(59, 89, 152, 1)",
        "DARK_BLUE_1": "rgba(0, 102, 167, 0.87)",
        "DARK_BLUE_2": "rgba(116, 201, 255, 0.87)",
        "DARK_BLUE_3": "rgba(0, 102, 167, 1)",
        "DARK_BLUE_4": "rgba(9, 92, 145, 1)",
        "DARK_BLUE_5": "rgba(135, 208, 255, 1)",
        "DARK_BLUE_6": "rgba(85, 161, 210, 1)",
        "DARK_GRAY": "rgba(60, 81, 95, 0.87)",
        "DARK_GREEN": "rgba(84, 234, 249, 1)",
        "DARK_GREEN_1": "rgba(7, 53, 56, 1)",
        "DARK_GREEN_2": "rgba(50, 104, 133, 1)",
        "DARK_GREY": "rgba(122, 122, 122, 0.87)",
        "DARK_GREY_1": "rgba(216, 216, 216, 1)",
        "DARK_PINK": "rgba(255, 0, 46, 1)",
        "DARK_RED": "rgba(171, 11, 11, 1)",
        "DULL_WHITE": "rgba(255, 255, 255, 0.87)",
        "DULL_YELLOW_GREEN": "rgba(100, 155, 28, 1)",
        "EDV_COLOR_1": "rgba(0, 133, 245)",
        "EDV_COLOR_2": "rgba(255, 156, 0)",
        "EDV_COLOR_3": "rgba(255, 60, 60)",
        "EDV_COLOR_4": "rgba(141, 32, 165)",
        "EVENING_SEA": "rgba(33,96,71)",
        "FONT_FAMILY_EXTRA_BOLD": "proximaExtraBold",
        "FONT_FAMILY_ROBOTO": "Roboto",
        "GAINSBORO": "rgba(216, 216, 216, 0.26)",
        "GLOBAL_BACKGROUND_COLOR": "rgba(242, 242, 242, 1)",
        "GRAY": "rgba(250, 250, 250, 1)",
        "GRAY83": "rgba(212, 212, 212, 1)",
        "GRAY_31": "rgba(79,79,79)",
        "GREEN_1": "rgba(224, 242, 235, 1)",
        "GREEN_2": "rgba(71, 180, 137, 1)",
        "GREEN_3": "rgba(130, 187, 55, 1)",
        "GREEN_4": "rgba(54, 163, 39, 1)",
        "GREEN_5": "rgba(100, 237, 61, 1)",
        "GREEN_6": "rgba(97, 233, 58, 1)",
        "GREEN_7": "rgba(34, 179, 31, 1)",
        "GREEN_8": "rgba(53, 207, 143, 1)",
        "GREY_1": "rgba(183, 183,183, 1)",
        "GREY_10": "rgba(137, 137, 137, 1)",
        "GREY_2": "rgba(232,232,232, 1)",
        "GREY_3": "rgba(241,241,241, 1)",
        "GREY_4": "rgba(85,85,85,1)",
        "GREY_5": "rgba(0, 0, 0, 0.69)",
        "GREY_6": "rgba(179, 186, 192, 1)",
        "GREY_7": "rgba(53,53,53,0.87)",
        "GREY_BLACK": "rgba(35, 35, 35, 1)",
        "GREY_BORDER": "rgba(186, 186,186, 1)",
        "GREY_COLOR": "rgba(53, 53, 53, 0.87)",
        "GREY_COLOR_1": "rgba(64, 64, 64, 1)",
        "ICON_BASE": "https://api-dev1.dominosindia.in/dev1-olo-api-bucket/static/assets.icons",
        "IMAGE_BASE": "https://api-dev1.dominosindia.in/dev1-olo-api-bucket/static/assets",
        "JAPONICA": "rgba(187,122,93)",
        "LABEL_SIZE": "11px",
        "LEMON_GREEN": "rgba(0, 203, 188, 1)",
        "LIGHT_BLACK": "rgba(20, 22, 25, 1)",
        "LIGHT_BLACK_1": "rgba(37, 37, 37, 1)",
        "LIGHT_BLACK_2": "rgba(118, 118, 118, 1)",
        "LIGHT_BLACK_3": "rgba(64, 81, 96, 1)",
        "LIGHT_BLACK_4": "rgba(190, 248, 252, 1)",
        "LIGHT_BLUE": "rgba(50, 94, 137, 1)",
        "LIGHT_BLUE_1": "rgba(211, 231, 253, 1)",
        "LIGHT_BLUE_10": "rgba(170, 212, 241, 1)",
        "LIGHT_BLUE_11": "rgba(189, 230, 243, 1)",
        "LIGHT_BLUE_12": "rgba(199, 235, 255, 1)",
        "LIGHT_BLUE_2": "rgba(222, 249, 255, 1)",
        "LIGHT_BLUE_3": "rgba(223, 229, 236, 1)",
        "LIGHT_BLUE_4": "rgba(107, 150, 192, 1)",
        "LIGHT_BLUE_5": "rgba(177, 227, 236, 1)",
        "LIGHT_BLUE_6": "rgba(240, 249, 250, 1)",
        "LIGHT_BLUE_7": "rgba(147, 218, 231, 1)",
        "LIGHT_BLUE_8": "rgba(247,251,255, 1)",
        "LIGHT_BLUE_9": "rgba(247,251,255, 1)",
        "LIGHT_GREY": "rgba(19, 79, 144, 1)",
        "LIGHT_GREY_1": "rgba(210, 221, 233, 1)",
        "LIGHT_GREY_10": "rgba(236, 241, 255, 1)",
        "LIGHT_GREY_11": "rgba(239, 239, 239, 1)",
        "LIGHT_GREY_12": "rgba(107, 107, 107, 1)",
        "LIGHT_GREY_2": "rgba(166, 166, 166, 1)",
        "LIGHT_GREY_3": "rgba(128,128,128, 1)",
        "LIGHT_GREY_4": "rgba(77, 77, 77, 1)",
        "LIGHT_GREY_5": "rgba(224, 224, 224, 1)",
        "LIGHT_GREY_6": "rgba(63, 62, 62, 1)",
        "LIGHT_GREY_7": "rgba(111,111,111, 1)",
        "LIGHT_GREY_8": "rgba(234, 234, 234, 1)",
        "LIGHT_GREY_9": "rgba(245, 245, 245)",
        "LIGHT_LEMON_GREEN": "rgba(14, 144, 178, 1)",
        "LIGHT_WHITE": "rgba(231, 230, 230, 1)",
        "LIGHT_WHITE_1": "rgba(235,232,232,1)",
        "LIGHT_WHITE_2": "rgba(237, 237, 237, 1)",
        "LIME_COLOR": "rgba(101, 171, 11, 1)",
        "LOGIN_HEADING": "rgba(56, 64, 71, 1)",
        "MENU_ITEM_COLOR": "rgba(21, 21, 21, 0.87)",
        "NAVY_BLUE": "#1a5ca3",
        "NAVY_BLUE_1": "rgba(0, 102, 167, 1)",
        "NOBEL": "rgba(151, 151, 151, 1)",
        "OCEAN_BLUE": "rgba(0, 102, 160, 1)",
        "OTP_CONTENT_COLOR": "rgba(103, 103, 103, 0.87)",
        "OTP_TIMER_COLOR": "rgba(104, 104, 104, 0.87)",
        "RED": "rgba(220, 78, 65, 1)",
        "RED_1": "rgba(237, 248, 255, 1)",
        "RED_2": "rgba(138, 34, 10, 1)",
        "RED_3": "rgba(208, 79, 79, 1)",
        "RED_4": "rgba(208, 17, 17, 1)",
        "RED_5": "rgba(239, 88, 88, 1)",
        "SHADOW_COLOR": "rgba(0, 0, 0, 0.12)",
        "SHADOW_COLOR2": "rgba(0, 0, 0, 0.24)",
        "SKY_BLUE_1": "rgba(84, 169, 249, 1)",
        "TEXT_COLOR": "rgba(53, 53, 53, 1)",
        "WALLET_TITLE_FONT_WEIGHT": 600,
        "WHISPER": "rgba(239,236,236)",
        "WHITE": "rgba(255, 255, 255, 1)",
        "WHITE_2": "rgba(253, 253, 253, 1)",
        "WISP_PINK": "rgba(249, 233, 226)",
        "WRAPPER_BORDER_RADIUS": "2px",
        "Z_INDEX_99": 99,
      },
    },
    "ref": null,
    "rendered": null,
    "type": [Function],
  },
  Symbol(enzyme.__nodes__): Array [
    Object {
      "instance": null,
      "key": undefined,
      "nodeType": "class",
      "props": Object {
        "className": "injectStyles-s11684c-0 eIYxOC",
        "handlePopUp": [MockFunction] {
          "calls": Array [
            Array [
              false,
            ],
            Array [
              false,
            ],
          ],
          "results": Array [
            Object {
              "isThrow": false,
              "value": undefined,
            },
            Object {
              "isThrow": false,
              "value": undefined,
            },
          ],
        },
        "rightCTA": [MockFunction] {
          "calls": Array [
            Array [],
          ],
          "results": Array [
            Object {
              "isThrow": false,
              "value": undefined,
            },
          ],
        },
        "theme": Object {
          "BACKGROUND_SIZE": "100% 100%",
          "BASE_FONT_SIZE": "13px",
          "BLACK": "rgba(0, 0, 0, 1)",
          "BLACK_12": "rgba(30, 0, 0, 1)",
          "BLACK_2": "rgba(79, 79, 79, 1)",
          "BLACK_GREY": "rgba(0, 0, 0, 0.86)",
          "BLUE": "rgba(71, 160, 255, 1)",
          "BLUE_1": "rgba(204, 219, 235, 1)",
          "BLUE_10": "rgba(0,102,167,0.87)",
          "BLUE_11": "rgba(0, 77, 127, 1)",
          "BLUE_12": "rgba(0, 77, 127, 1)",
          "BLUE_13": "rgba(205, 230, 246, 1)",
          "BLUE_2": "rgba(177, 203, 220, 1)",
          "BLUE_3": "rgba(115, 144, 170, 1)",
          "BLUE_4": "rgba(83, 120, 152, 1)",
          "BLUE_5": "rgba(169, 167, 167, 1)",
          "BLUE_6": "rgba(137, 167, 193, 1)",
          "BLUE_7": "rgba(153, 169, 185, 1)",
          "BLUE_8": "rgba(230, 247, 253, 1)",
          "BLUE_9": "rgba(247, 246, 246, 1)",
          "BORDER_COLOR_GREY": "rgba(137, 140, 140,1)",
          "BOX_SHADOW": "rgba(8, 56, 107, 1)",
          "BRIGHT_ORANGE": "rgba(228, 119, 43, 1)",
          "BTN_BORDER_RADIUS": "3px",
          "CAROUSEL_TITLE": "#708aa5",
          "CHRISTI": "rgba(101,171,11,1)",
          "CONTAINER_SUBTITLE_FONT_SIZE": "12px",
          "CONTAINER_SUBTITLE_FONT_WEIGHT": "500",
          "CORN_FLOWER_BLUE": "rgba(0, 102, 167, 0.87)",
          "DARK_BLACK": "rgba(26, 26, 26, 1)",
          "DARK_BLUE": "rgba(59, 89, 152, 1)",
          "DARK_BLUE_1": "rgba(0, 102, 167, 0.87)",
          "DARK_BLUE_2": "rgba(116, 201, 255, 0.87)",
          "DARK_BLUE_3": "rgba(0, 102, 167, 1)",
          "DARK_BLUE_4": "rgba(9, 92, 145, 1)",
          "DARK_BLUE_5": "rgba(135, 208, 255, 1)",
          "DARK_BLUE_6": "rgba(85, 161, 210, 1)",
          "DARK_GRAY": "rgba(60, 81, 95, 0.87)",
          "DARK_GREEN": "rgba(84, 234, 249, 1)",
          "DARK_GREEN_1": "rgba(7, 53, 56, 1)",
          "DARK_GREEN_2": "rgba(50, 104, 133, 1)",
          "DARK_GREY": "rgba(122, 122, 122, 0.87)",
          "DARK_GREY_1": "rgba(216, 216, 216, 1)",
          "DARK_PINK": "rgba(255, 0, 46, 1)",
          "DARK_RED": "rgba(171, 11, 11, 1)",
          "DULL_WHITE": "rgba(255, 255, 255, 0.87)",
          "DULL_YELLOW_GREEN": "rgba(100, 155, 28, 1)",
          "EDV_COLOR_1": "rgba(0, 133, 245)",
          "EDV_COLOR_2": "rgba(255, 156, 0)",
          "EDV_COLOR_3": "rgba(255, 60, 60)",
          "EDV_COLOR_4": "rgba(141, 32, 165)",
          "EVENING_SEA": "rgba(33,96,71)",
          "FONT_FAMILY_EXTRA_BOLD": "proximaExtraBold",
          "FONT_FAMILY_ROBOTO": "Roboto",
          "GAINSBORO": "rgba(216, 216, 216, 0.26)",
          "GLOBAL_BACKGROUND_COLOR": "rgba(242, 242, 242, 1)",
          "GRAY": "rgba(250, 250, 250, 1)",
          "GRAY83": "rgba(212, 212, 212, 1)",
          "GRAY_31": "rgba(79,79,79)",
          "GREEN_1": "rgba(224, 242, 235, 1)",
          "GREEN_2": "rgba(71, 180, 137, 1)",
          "GREEN_3": "rgba(130, 187, 55, 1)",
          "GREEN_4": "rgba(54, 163, 39, 1)",
          "GREEN_5": "rgba(100, 237, 61, 1)",
          "GREEN_6": "rgba(97, 233, 58, 1)",
          "GREEN_7": "rgba(34, 179, 31, 1)",
          "GREEN_8": "rgba(53, 207, 143, 1)",
          "GREY_1": "rgba(183, 183,183, 1)",
          "GREY_10": "rgba(137, 137, 137, 1)",
          "GREY_2": "rgba(232,232,232, 1)",
          "GREY_3": "rgba(241,241,241, 1)",
          "GREY_4": "rgba(85,85,85,1)",
          "GREY_5": "rgba(0, 0, 0, 0.69)",
          "GREY_6": "rgba(179, 186, 192, 1)",
          "GREY_7": "rgba(53,53,53,0.87)",
          "GREY_BLACK": "rgba(35, 35, 35, 1)",
          "GREY_BORDER": "rgba(186, 186,186, 1)",
          "GREY_COLOR": "rgba(53, 53, 53, 0.87)",
          "GREY_COLOR_1": "rgba(64, 64, 64, 1)",
          "ICON_BASE": "https://api-dev1.dominosindia.in/dev1-olo-api-bucket/static/assets.icons",
          "IMAGE_BASE": "https://api-dev1.dominosindia.in/dev1-olo-api-bucket/static/assets",
          "JAPONICA": "rgba(187,122,93)",
          "LABEL_SIZE": "11px",
          "LEMON_GREEN": "rgba(0, 203, 188, 1)",
          "LIGHT_BLACK": "rgba(20, 22, 25, 1)",
          "LIGHT_BLACK_1": "rgba(37, 37, 37, 1)",
          "LIGHT_BLACK_2": "rgba(118, 118, 118, 1)",
          "LIGHT_BLACK_3": "rgba(64, 81, 96, 1)",
          "LIGHT_BLACK_4": "rgba(190, 248, 252, 1)",
          "LIGHT_BLUE": "rgba(50, 94, 137, 1)",
          "LIGHT_BLUE_1": "rgba(211, 231, 253, 1)",
          "LIGHT_BLUE_10": "rgba(170, 212, 241, 1)",
          "LIGHT_BLUE_11": "rgba(189, 230, 243, 1)",
          "LIGHT_BLUE_12": "rgba(199, 235, 255, 1)",
          "LIGHT_BLUE_2": "rgba(222, 249, 255, 1)",
          "LIGHT_BLUE_3": "rgba(223, 229, 236, 1)",
          "LIGHT_BLUE_4": "rgba(107, 150, 192, 1)",
          "LIGHT_BLUE_5": "rgba(177, 227, 236, 1)",
          "LIGHT_BLUE_6": "rgba(240, 249, 250, 1)",
          "LIGHT_BLUE_7": "rgba(147, 218, 231, 1)",
          "LIGHT_BLUE_8": "rgba(247,251,255, 1)",
          "LIGHT_BLUE_9": "rgba(247,251,255, 1)",
          "LIGHT_GREY": "rgba(19, 79, 144, 1)",
          "LIGHT_GREY_1": "rgba(210, 221, 233, 1)",
          "LIGHT_GREY_10": "rgba(236, 241, 255, 1)",
          "LIGHT_GREY_11": "rgba(239, 239, 239, 1)",
          "LIGHT_GREY_12": "rgba(107, 107, 107, 1)",
          "LIGHT_GREY_2": "rgba(166, 166, 166, 1)",
          "LIGHT_GREY_3": "rgba(128,128,128, 1)",
          "LIGHT_GREY_4": "rgba(77, 77, 77, 1)",
          "LIGHT_GREY_5": "rgba(224, 224, 224, 1)",
          "LIGHT_GREY_6": "rgba(63, 62, 62, 1)",
          "LIGHT_GREY_7": "rgba(111,111,111, 1)",
          "LIGHT_GREY_8": "rgba(234, 234, 234, 1)",
          "LIGHT_GREY_9": "rgba(245, 245, 245)",
          "LIGHT_LEMON_GREEN": "rgba(14, 144, 178, 1)",
          "LIGHT_WHITE": "rgba(231, 230, 230, 1)",
          "LIGHT_WHITE_1": "rgba(235,232,232,1)",
          "LIGHT_WHITE_2": "rgba(237, 237, 237, 1)",
          "LIME_COLOR": "rgba(101, 171, 11, 1)",
          "LOGIN_HEADING": "rgba(56, 64, 71, 1)",
          "MENU_ITEM_COLOR": "rgba(21, 21, 21, 0.87)",
          "NAVY_BLUE": "#1a5ca3",
          "NAVY_BLUE_1": "rgba(0, 102, 167, 1)",
          "NOBEL": "rgba(151, 151, 151, 1)",
          "OCEAN_BLUE": "rgba(0, 102, 160, 1)",
          "OTP_CONTENT_COLOR": "rgba(103, 103, 103, 0.87)",
          "OTP_TIMER_COLOR": "rgba(104, 104, 104, 0.87)",
          "RED": "rgba(220, 78, 65, 1)",
          "RED_1": "rgba(237, 248, 255, 1)",
          "RED_2": "rgba(138, 34, 10, 1)",
          "RED_3": "rgba(208, 79, 79, 1)",
          "RED_4": "rgba(208, 17, 17, 1)",
          "RED_5": "rgba(239, 88, 88, 1)",
          "SHADOW_COLOR": "rgba(0, 0, 0, 0.12)",
          "SHADOW_COLOR2": "rgba(0, 0, 0, 0.24)",
          "SKY_BLUE_1": "rgba(84, 169, 249, 1)",
          "TEXT_COLOR": "rgba(53, 53, 53, 1)",
          "WALLET_TITLE_FONT_WEIGHT": 600,
          "WHISPER": "rgba(239,236,236)",
          "WHITE": "rgba(255, 255, 255, 1)",
          "WHITE_2": "rgba(253, 253, 253, 1)",
          "WISP_PINK": "rgba(249, 233, 226)",
          "WRAPPER_BORDER_RADIUS": "2px",
          "Z_INDEX_99": 99,
        },
      },
      "ref": null,
      "rendered": null,
      "type": [Function],
    },
  ],
  Symbol(enzyme.__options__): Object {
    "adapter": ReactSixteenAdapter {
      "options": Object {
        "enableComponentDidUpdateOnSetState": true,
      },
    },
  },
}
`;

exports[`PopUp Atom Test Should Render Correctly 1`] = `
ShallowWrapper {
  "length": 1,
  Symbol(enzyme.__root__): [Circular],
  Symbol(enzyme.__unrendered__): <PopUp
    className=""
    handleClickOutside={[Function]}
    handlePopUp={[MockFunction]}
    leftCTA={[Function]}
    rightCTA={[MockFunction]}
  />,
  Symbol(enzyme.__renderer__): Object {
    "batchedUpdates": [Function],
    "getNode": [Function],
    "render": [Function],
    "simulateEvent": [Function],
    "unmount": [Function],
  },
  Symbol(enzyme.__node__): Object {
    "instance": null,
    "key": undefined,
    "nodeType": "host",
    "props": Object {
      "children": Array [
        undefined,
        <div
          className="modal-message undefined"
        />,
        <div
          className="btn--grp"
        />,
      ],
      "className": "",
    },
    "ref": null,
    "rendered": Array [
      undefined,
      Object {
        "instance": null,
        "key": undefined,
        "nodeType": "host",
        "props": Object {
          "children": undefined,
          "className": "modal-message undefined",
        },
        "ref": null,
        "rendered": null,
        "type": "div",
      },
      Object {
        "instance": null,
        "key": undefined,
        "nodeType": "host",
        "props": Object {
          "children": Array [
            undefined,
            undefined,
          ],
          "className": "btn--grp",
        },
        "ref": null,
        "rendered": Array [
          undefined,
          undefined,
        ],
        "type": "div",
      },
    ],
    "type": "div",
  },
  Symbol(enzyme.__nodes__): Array [
    Object {
      "instance": null,
      "key": undefined,
      "nodeType": "host",
      "props": Object {
        "children": Array [
          undefined,
          <div
            className="modal-message undefined"
          />,
          <div
            className="btn--grp"
          />,
        ],
        "className": "",
      },
      "ref": null,
      "rendered": Array [
        undefined,
        Object {
          "instance": null,
          "key": undefined,
          "nodeType": "host",
          "props": Object {
            "children": undefined,
            "className": "modal-message undefined",
          },
          "ref": null,
          "rendered": null,
          "type": "div",
        },
        Object {
          "instance": null,
          "key": undefined,
          "nodeType": "host",
          "props": Object {
            "children": Array [
              undefined,
              undefined,
            ],
            "className": "btn--grp",
          },
          "ref": null,
          "rendered": Array [
            undefined,
            undefined,
          ],
          "type": "div",
        },
      ],
      "type": "div",
    },
  ],
  Symbol(enzyme.__options__): Object {
    "adapter": ReactSixteenAdapter {
      "options": Object {
        "enableComponentDidUpdateOnSetState": true,
      },
    },
  },
}
`;
